// Jest Snapshot v1, https://goo.gl/fbAQLP

exports[`<footer /> 1`] = `
<footer>
  <div
    className="main-footer"
  >
    <span>
      Copyright Â© 2011-2018 Sabka Bazaar Grocery Supplies Pvt Ltd
    </span>
  </div>
</footer>
`;
